fsl_clock.h:580:20:CLOCK_EnableClock	24	static
fsl_adc16.h:500:24:ADC16_GetChannelConversionValue	16	static
board.c:168:6:hardware_init	16	static
board.c:215:6:NMI_Handler	8	static
board.c:222:6:BOARD_InitAdc	8	static
board.c:234:9:BOARD_GetBatteryLevel	32	static
board.c:248:10:BOARD_GetPotentiometerLevel	16	static
board.c:256:9:BOARD_GetTemperature	48	static
board.c:283:6:BOARD_DCDCInit	8	static
board.c:292:6:BOARD_GetMCUUid	40	static
board.c:318:6:ADC16_CalibrateParams	16	static
board.c:350:24:ADC16_BatLvl	8	static
board.c:362:24:ADC16_BgLvl	8	static
board.c:373:17:ADC16_ReadValue	24	static
board.c:401:13:DCDC_AdjustVbatDiv4	16	static
board.c:407:6:BOARD_InstallLowPowerCallbacks	8	static
board.c:415:6:BOARD_SetPinsLowPower	24	static
board.c:439:6:BOARD_EnterLowPowerCb	8	static
board.c:452:6:BOARD_ExitLowPowerCb	8	static
board.c:464:10:BOARD_GetLpuartClock	24	static
board.c:490:10:BOARD_GetTpmClock	24	static
board.c:516:10:BOARD_GetSpiClock	16	static
board.c:522:10:BOARD_GetI2cClock	24	static
board.c:540:6:BOARD_BLPEtoBLPI	8	static
board.c:544:6:BOARD_BLPItoBLPE	8	static
