NV_Flash.c:5910:14:NvModuleInit	8	static
NV_Flash.c:5951:14:NvMoveToRam	16	static
NV_Flash.c:5977:14:NvErase	16	static
NV_Flash.c:6005:14:NvSaveOnIdle	16	static
NV_Flash.c:6036:14:NvSaveOnInterval	16	static
NV_Flash.c:6062:14:NvSaveOnCount	16	static
NV_Flash.c:6089:6:NvSetMinimumTicksBetweenSaves	16	static
NV_Flash.c:6109:6:NvSetCountsBetweenSaves	16	static
NV_Flash.c:6131:8:NvTimerTick	16	static
NV_Flash.c:6158:14:NvRestoreDataSet	16	static
NV_Flash.c:6183:6:NvClearCriticalSection	8	static
NV_Flash.c:6207:6:NvSetCriticalSection	8	static
NV_Flash.c:6227:6:NvIdle	8	static
NV_Flash.c:6249:7:NvGetNvIdleTaskId	8	static
NV_Flash.c:6267:8:NvIsDataSetDirty	16	static
NV_Flash.c:6292:6:NvGetPagesStatistics	16	static
NV_Flash.c:6341:14:NvFormat	8	static
NV_Flash.c:6375:14:NvRegisterTableEntry	32	static
NV_Flash.c:6413:14:NvEraseEntryFromStorage	16	static
NV_Flash.c:6464:14:NvSyncSave	16	static
NV_Flash.c:6500:14:NvAtomicSave	8	static
NV_Flash.c:6522:6:NvShutdown	8	static
NV_Flash.c:6538:6:NvCompletePendingOperations	8	static
NV_Flash.c:6578:6:NvProgramFlash	24	static
