wireless_uart.c:194:6:BleApp_Init	8	static
wireless_uart.c:216:6:BleApp_Start	16	static
wireless_uart.c:242:6:BleApp_HandleKeys	16	static
wireless_uart.c:273:6:BleApp_GenericCallback	16	static
wireless_uart.c:308:13:BleApp_Config	8	static
wireless_uart.c:344:13:BleApp_Advertise	8	static
wireless_uart.c:355:13:BleApp_ScanningCallback	24	static
wireless_uart.c:419:13:BleApp_AdvertisingCallback	16	static
wireless_uart.c:455:13:BleApp_ConnectionCallback	24	static
wireless_uart.c:556:13:BleApp_ServiceDiscoveryCallback	16	static
wireless_uart.c:592:13:BleApp_GattClientCallback	24	static
wireless_uart.c:618:13:BleApp_GattServerCallback	16	static
wireless_uart.c:646:15:MatchDataInAdvElementList	32	static
wireless_uart.c:668:15:BleApp_CheckScanEvent	40	static
wireless_uart.c:701:13:BleApp_StoreServiceHandles	16	static
wireless_uart.c:715:13:BleApp_SendUartStream	80	static
wireless_uart.c:726:6:BleApp_StateMachineHandler	16	static
wireless_uart.c:804:13:ScaningTimerCallback	16	static
wireless_uart.c:815:13:BleApp_FlushUartStream	32	static
wireless_uart.c:845:13:BleApp_ReceivedUartStream	40	static
wireless_uart.c:858:13:UartStreamFlushTimerCallback	16	static
wireless_uart.c:868:13:Uart_RxCallBack	40	static
wireless_uart.c:893:13:Uart_TxCallBack	16	static
wireless_uart.c:904:13:BatteryMeasurementTimerCallback	16	static
