ApplMain.c:332:6:main_task	48	static
ApplMain.c:421:6:App_Thread	40	static
ApplMain.c:577:13:App_Connect	16	static
ApplMain.c:587:13:App_StartAdvertising	16	static
ApplMain.c:598:13:App_StartScanning	24	static
ApplMain.c:609:13:App_RegisterGattServerCallback	16	static
ApplMain.c:616:13:App_RegisterGattClientProcedureCallback	16	static
ApplMain.c:623:13:App_RegisterGattClientNotificationCallback	16	static
ApplMain.c:630:13:App_RegisterGattClientIndicationCallback	16	static
ApplMain.c:637:13:App_RegisterLeCbCallbacks	16	static
ApplMain.c:649:13:App_PostCallbackMessage	24	static
ApplMain.c:677:6:App_NvmErase	16	static
ApplMain.c:701:6:App_NvmWrite	24	static
ApplMain.c:825:6:App_NvmRead	24	static
ApplMain.c:959:13:App_KeyboardCallBack	16	static
ApplMain.c:972:13:App_HandleHostMessageInput	24	static
ApplMain.c:1063:13:App_GenericCallback	24	static
ApplMain.c:1082:13:App_ConnectionCallback	48	static
ApplMain.c:1175:13:App_AdvertisingCallback	24	static
ApplMain.c:1195:13:App_ScanningCallback	32	static
ApplMain.c:1239:13:App_GattServerCallback	32	static
ApplMain.c:1281:13:App_GattClientProcedureCallback	40	static
ApplMain.c:1308:13:App_GattClientNotificationCallback	48	static
ApplMain.c:1341:13:App_GattClientIndicationCallback	48	static
ApplMain.c:1374:13:App_L2caLeDataCallback	48	static
ApplMain.c:1407:13:App_L2caLeControlCallback	32	static
ApplMain.c:1469:13:BLE_SignalFromISRCallback	8	static
